src/server.ts(5,27): error TS2306: File 'C:/Users/Aahan Desai/Desktop/CMS/backend/src/routes/content.routes.ts' is not a module.
